tiffany8
check gpu status before running job
Fri Oct 17 11:00:53 2025       
+-----------------------------------------------------------------------------------------+
| NVIDIA-SMI 550.54.14              Driver Version: 550.54.14      CUDA Version: 12.4     |
|-----------------------------------------+------------------------+----------------------+
| GPU  Name                 Persistence-M | Bus-Id          Disp.A | Volatile Uncorr. ECC |
| Fan  Temp   Perf          Pwr:Usage/Cap |           Memory-Usage | GPU-Util  Compute M. |
|                                         |                        |               MIG M. |
|=========================================+========================+======================|
|   0  NVIDIA H100 80GB HBM3          On  |   00000000:55:00.0 Off |                    0 |
| N/A   44C    P0             72W /  700W |       0MiB /  81559MiB |      0%      Default |
|                                         |                        |             Disabled |
+-----------------------------------------+------------------------+----------------------+
|   1  NVIDIA H100 80GB HBM3          On  |   00000000:68:00.0 Off |                    0 |
| N/A   43C    P0             74W /  700W |       0MiB /  81559MiB |      0%      Default |
|                                         |                        |             Disabled |
+-----------------------------------------+------------------------+----------------------+
|   2  NVIDIA H100 80GB HBM3          On  |   00000000:D2:00.0 Off |                    0 |
| N/A   44C    P0             75W /  700W |       0MiB /  81559MiB |      0%      Default |
|                                         |                        |             Disabled |
+-----------------------------------------+------------------------+----------------------+
|   3  NVIDIA H100 80GB HBM3          On  |   00000000:E4:00.0 Off |                    0 |
| N/A   44C    P0             75W /  700W |       0MiB /  81559MiB |      0%      Default |
|                                         |                        |             Disabled |
+-----------------------------------------+------------------------+----------------------+
                                                                                         
+-----------------------------------------------------------------------------------------+
| Processes:                                                                              |
|  GPU   GI   CI        PID   Type   Process name                              GPU Memory |
|        ID   ID                                                               Usage      |
|=========================================================================================|
|  No running processes found                                                             |
+-----------------------------------------------------------------------------------------+
Loaded 256 ARC-AGI test cases from /orcd/data/tpoggio/001/tiffany8/es-urop/data/arc-prize-2025/arc-agi_training_challenges.json
Total processes: 4, GPU threads per process: 4
Population size: 32, Iterations: 1000
Sigma: 0.001, Alpha: 0.0005
Distributed environment: DistributedType.MULTI_GPU  Backend: nccl
Num processes: 4
Process index: 0
Local process index: 0
Device: cuda:0

Mixed precision type: no

Loading model /orcd/data/tpoggio/001/om/tiffany8/grpo-urop/TinyZero/model/Qwen2.5-3B-Instruct/...
Model loaded successfully
Dataset sample: {'task_id': '00576224', 'prompt': '<|im_start|>system\nYou are an expert puzzle solver. Carefully study the training examples, infer the transformation rule, and apply it to the test input grid. Respond with only the transformed output grid as a Python list of lists of integers.<|im_end|>\n<|im_start|>user\nFind the common transformation that maps each input grid to its output grid in the training examples.\nApply the exact same rule to the test input grid.\nWrite the resulting output grid using Python list-of-lists syntax (e.g., [[0, 1], [2, 3]]) with no extra commentary.\n\nExample 1:\nInput:\n7 9\n4 3\nOutput:\n7 9 7 9 7 9\n4 3 4 3 4 3\n9 7 9 7 9 7\n3 4 3 4 3 4\n7 9 7 9 7 9\n4 3 4 3 4 3\n\nExample 2:\nInput:\n8 6\n6 4\nOutput:\n8 6 8 6 8 6\n6 4 6 4 6 4\n6 8 6 8 6 8\n4 6 4 6 4 6\n8 6 8 6 8 6\n6 4 6 4 6 4\n\nTest Input Grid:\n3 2\n7 8\n\nOutput Grid:<|im_end|>\n<|im_start|>assistant\n', 'target': [[3, 2, 3, 2, 3, 2], [7, 8, 7, 8, 7, 8], [2, 3, 2, 3, 2, 3], [8, 7, 8, 7, 8, 7], [3, 2, 3, 2, 3, 2], [7, 8, 7, 8, 7, 8]]}
node2702:2849181:2849181 [0] NCCL INFO Bootstrap: Using ib0:172.16.27.2<0>
node2702:2849181:2849181 [0] NCCL INFO cudaDriverVersion 12040
node2702:2849181:2849181 [0] NCCL INFO NCCL version 2.27.3+cuda12.9
node2702:2849181:2849181 [0] NCCL INFO Comm config Blocking set to 1
node2702:2849184:2849184 [3] NCCL INFO cudaDriverVersion 12040
node2702:2849184:2849184 [3] NCCL INFO Bootstrap: Using ib0:172.16.27.2<0>
node2702:2849184:2849184 [3] NCCL INFO NCCL version 2.27.3+cuda12.9
node2702:2849184:2849184 [3] NCCL INFO Comm config Blocking set to 1
node2702:2849184:2849236 [3] NCCL INFO NET/Plugin: Could not find: libnccl-net.so. 
node2702:2849184:2849236 [3] NCCL INFO NET/IB : Using [0]mlx5_0:1/IB [1]mlx5_1:1/IB [2]mlx5_2:1/IB [3]mlx5_3:1/IB [RO]; OOB ib0:172.16.27.2<0>
node2702:2849184:2849236 [3] NCCL INFO Initialized NET plugin IB
node2702:2849184:2849236 [3] NCCL INFO Assigned NET plugin IB to comm
node2702:2849184:2849236 [3] NCCL INFO Using network IB
node2702:2849181:2849235 [0] NCCL INFO NET/Plugin: Could not find: libnccl-net.so. 
node2702:2849181:2849235 [0] NCCL INFO NET/IB : Using [0]mlx5_0:1/IB [1]mlx5_1:1/IB [2]mlx5_2:1/IB [3]mlx5_3:1/IB [RO]; OOB ib0:172.16.27.2<0>
node2702:2849181:2849235 [0] NCCL INFO Initialized NET plugin IB
node2702:2849181:2849235 [0] NCCL INFO Assigned NET plugin IB to comm
node2702:2849181:2849235 [0] NCCL INFO Using network IB
node2702:2849184:2849236 [3] NCCL INFO ncclCommInitRankConfig comm 0x59651a40 rank 3 nranks 4 cudaDev 3 nvmlDev 3 busId e4000 commId 0x68c7902d84bf54fc - Init START
node2702:2849181:2849235 [0] NCCL INFO ncclCommInitRankConfig comm 0x5cb41940 rank 0 nranks 4 cudaDev 0 nvmlDev 0 busId 55000 commId 0x68c7902d84bf54fc - Init START
node2702:2849183:2849183 [2] NCCL INFO cudaDriverVersion 12040
node2702:2849183:2849183 [2] NCCL INFO Bootstrap: Using ib0:172.16.27.2<0>
node2702:2849183:2849183 [2] NCCL INFO NCCL version 2.27.3+cuda12.9
node2702:2849183:2849183 [2] NCCL INFO Comm config Blocking set to 1
node2702:2849183:2849245 [2] NCCL INFO NET/Plugin: Could not find: libnccl-net.so. 
node2702:2849183:2849245 [2] NCCL INFO NET/IB : Using [0]mlx5_0:1/IB [1]mlx5_1:1/IB [2]mlx5_2:1/IB [3]mlx5_3:1/IB [RO]; OOB ib0:172.16.27.2<0>
node2702:2849183:2849245 [2] NCCL INFO Initialized NET plugin IB
node2702:2849183:2849245 [2] NCCL INFO Assigned NET plugin IB to comm
node2702:2849183:2849245 [2] NCCL INFO Using network IB
node2702:2849183:2849245 [2] NCCL INFO ncclCommInitRankConfig comm 0x5dbbf2c0 rank 2 nranks 4 cudaDev 2 nvmlDev 2 busId d2000 commId 0x68c7902d84bf54fc - Init START
node2702:2849184:2849236 [3] NCCL INFO RAS client listening socket at ::1<28028>
node2702:2849182:2849182 [1] NCCL INFO cudaDriverVersion 12040
node2702:2849182:2849182 [1] NCCL INFO Bootstrap: Using ib0:172.16.27.2<0>
node2702:2849182:2849182 [1] NCCL INFO NCCL version 2.27.3+cuda12.9
node2702:2849182:2849182 [1] NCCL INFO Comm config Blocking set to 1
node2702:2849182:2849251 [1] NCCL INFO NET/Plugin: Could not find: libnccl-net.so. 
node2702:2849182:2849251 [1] NCCL INFO NET/IB : Using [0]mlx5_0:1/IB [1]mlx5_1:1/IB [2]mlx5_2:1/IB [3]mlx5_3:1/IB [RO]; OOB ib0:172.16.27.2<0>
node2702:2849182:2849251 [1] NCCL INFO Initialized NET plugin IB
node2702:2849182:2849251 [1] NCCL INFO Assigned NET plugin IB to comm
node2702:2849182:2849251 [1] NCCL INFO Using network IB
node2702:2849182:2849251 [1] NCCL INFO ncclCommInitRankConfig comm 0x45e58900 rank 1 nranks 4 cudaDev 1 nvmlDev 1 busId 68000 commId 0x68c7902d84bf54fc - Init START
node2702:2849182:2849251 [1] NCCL INFO RAS client listening socket at ::1<28028>
node2702:2849181:2849235 [0] NCCL INFO RAS client listening socket at ::1<28028>
node2702:2849183:2849245 [2] NCCL INFO RAS client listening socket at ::1<28028>
node2702:2849183:2849245 [2] NCCL INFO Bootstrap timings total 0.759843 (create 0.000023, send 0.000065, recv 0.000043, ring 0.000052, delay 0.000000)
node2702:2849182:2849251 [1] NCCL INFO Bootstrap timings total 0.001418 (create 0.000028, send 0.000093, recv 0.000946, ring 0.000088, delay 0.000001)
node2702:2849181:2849235 [0] NCCL INFO Bootstrap timings total 1.519399 (create 0.000038, send 0.000107, recv 1.518830, ring 0.000088, delay 0.000001)
node2702:2849184:2849236 [3] NCCL INFO Bootstrap timings total 1.984128 (create 0.000025, send 0.000067, recv 0.464900, ring 0.759443, delay 0.000000)
node2702:2849182:2849251 [1] NCCL INFO Setting affinity for GPU 1 to 0,2,64,66
node2702:2849182:2849251 [1] NCCL INFO NVLS multicast support is not available on dev 1 (NVLS_NCHANNELS 0)
node2702:2849184:2849236 [3] NCCL INFO Setting affinity for GPU 3 to 1,3,65,67
node2702:2849184:2849236 [3] NCCL INFO NVLS multicast support is not available on dev 3 (NVLS_NCHANNELS 0)
node2702:2849181:2849235 [0] NCCL INFO Setting affinity for GPU 0 to 0,2,64,66
node2702:2849181:2849235 [0] NCCL INFO NVLS multicast support is not available on dev 0 (NVLS_NCHANNELS 0)
node2702:2849183:2849245 [2] NCCL INFO Setting affinity for GPU 2 to 1,3,65,67
node2702:2849183:2849245 [2] NCCL INFO NVLS multicast support is not available on dev 2 (NVLS_NCHANNELS 0)
node2702:2849184:2849236 [3] NCCL INFO comm 0x59651a40 rank 3 nRanks 4 nNodes 1 localRanks 4 localRank 3 MNNVL 0
node2702:2849182:2849251 [1] NCCL INFO comm 0x45e58900 rank 1 nRanks 4 nNodes 1 localRanks 4 localRank 1 MNNVL 0
node2702:2849181:2849235 [0] NCCL INFO comm 0x5cb41940 rank 0 nRanks 4 nNodes 1 localRanks 4 localRank 0 MNNVL 0
node2702:2849183:2849245 [2] NCCL INFO comm 0x5dbbf2c0 rank 2 nRanks 4 nNodes 1 localRanks 4 localRank 2 MNNVL 0
node2702:2849181:2849235 [0] NCCL INFO Channel 00/24 : 0 1 2 3
node2702:2849181:2849235 [0] NCCL INFO Channel 01/24 : 0 1 3 2
node2702:2849184:2849236 [3] NCCL INFO Trees [0] -1/-1/-1->3->2 [1] -1/-1/-1->3->2 [2] -1/-1/-1->3->2 [3] -1/-1/-1->3->2 [4] -1/-1/-1->3->1 [5] -1/-1/-1->3->1 [6] -1/-1/-1->3->1 [7] -1/-1/-1->3->1 [8] 2/-1/-1->3->0 [9] 2/-1/-1->3->0 [10] 2/-1/-1->3->0 [11] 2/-1/-1->3->0 [12] -1/-1/-1->3->2 [13] -1/-1/-1->3->2 [14] -1/-1/-1->3->2 [15] -1/-1/-1->3->2 [16] -1/-1/-1->3->1 [17] -1/-1/-1->3->1 [18] -1/-1/-1->3->1 [19] -1/-1/-1->3->1 [20] 2/-1/-1->3->0 [21] 2/-1/-1->3->0 [22] 2/-1/-1->3->0 [23] 2/-1/-1->3->0
node2702:2849181:2849235 [0] NCCL INFO Channel 02/24 : 0 2 3 1
node2702:2849184:2849236 [3] NCCL INFO P2P Chunksize set to 524288
node2702:2849181:2849235 [0] NCCL INFO Channel 03/24 : 0 2 1 3
node2702:2849183:2849245 [2] NCCL INFO Trees [0] 3/-1/-1->2->1 [1] 3/-1/-1->2->1 [2] 3/-1/-1->2->1 [3] 3/-1/-1->2->1 [4] 1/-1/-1->2->0 [5] 1/-1/-1->2->0 [6] 1/-1/-1->2->0 [7] 1/-1/-1->2->0 [8] -1/-1/-1->2->3 [9] -1/-1/-1->2->3 [10] -1/-1/-1->2->3 [11] -1/-1/-1->2->3 [12] 3/-1/-1->2->1 [13] 3/-1/-1->2->1 [14] 3/-1/-1->2->1 [15] 3/-1/-1->2->1 [16] 1/-1/-1->2->0 [17] 1/-1/-1->2->0 [18] 1/-1/-1->2->0 [19] 1/-1/-1->2->0 [20] -1/-1/-1->2->3 [21] -1/-1/-1->2->3 [22] -1/-1/-1->2->3 [23] -1/-1/-1->2->3
node2702:2849181:2849235 [0] NCCL INFO Channel 04/24 : 0 3 1 2
node2702:2849183:2849245 [2] NCCL INFO P2P Chunksize set to 524288
node2702:2849182:2849251 [1] NCCL INFO Trees [0] 2/-1/-1->1->0 [1] 2/-1/-1->1->0 [2] 2/-1/-1->1->0 [3] 2/-1/-1->1->0 [4] 3/-1/-1->1->2 [5] 3/-1/-1->1->2 [6] 3/-1/-1->1->2 [7] 3/-1/-1->1->2 [8] 0/-1/-1->1->-1 [9] 0/-1/-1->1->-1 [10] 0/-1/-1->1->-1 [11] 0/-1/-1->1->-1 [12] 2/-1/-1->1->0 [13] 2/-1/-1->1->0 [14] 2/-1/-1->1->0 [15] 2/-1/-1->1->0 [16] 3/-1/-1->1->2 [17] 3/-1/-1->1->2 [18] 3/-1/-1->1->2 [19] 3/-1/-1->1->2 [20] 0/-1/-1->1->-1 [21] 0/-1/-1->1->-1 [22] 0/-1/-1->1->-1 [23] 0/-1/-1->1->-1
node2702:2849181:2849235 [0] NCCL INFO Channel 05/24 : 0 3 2 1
node2702:2849181:2849235 [0] NCCL INFO Channel 06/24 : 0 1 2 3
node2702:2849182:2849251 [1] NCCL INFO P2P Chunksize set to 524288
node2702:2849181:2849235 [0] NCCL INFO Channel 07/24 : 0 1 3 2
node2702:2849181:2849235 [0] NCCL INFO Channel 08/24 : 0 2 3 1
node2702:2849181:2849235 [0] NCCL INFO Channel 09/24 : 0 2 1 3
node2702:2849181:2849235 [0] NCCL INFO Channel 10/24 : 0 3 1 2
node2702:2849181:2849235 [0] NCCL INFO Channel 11/24 : 0 3 2 1
node2702:2849181:2849235 [0] NCCL INFO Channel 12/24 : 0 1 2 3
node2702:2849181:2849235 [0] NCCL INFO Channel 13/24 : 0 1 3 2
node2702:2849181:2849235 [0] NCCL INFO Channel 14/24 : 0 2 3 1
node2702:2849181:2849235 [0] NCCL INFO Channel 15/24 : 0 2 1 3
node2702:2849181:2849235 [0] NCCL INFO Channel 16/24 : 0 3 1 2
node2702:2849181:2849235 [0] NCCL INFO Channel 17/24 : 0 3 2 1
node2702:2849181:2849235 [0] NCCL INFO Channel 18/24 : 0 1 2 3
node2702:2849181:2849235 [0] NCCL INFO Channel 19/24 : 0 1 3 2
node2702:2849181:2849235 [0] NCCL INFO Channel 20/24 : 0 2 3 1
node2702:2849181:2849235 [0] NCCL INFO Channel 21/24 : 0 2 1 3
node2702:2849181:2849235 [0] NCCL INFO Channel 22/24 : 0 3 1 2
node2702:2849181:2849235 [0] NCCL INFO Channel 23/24 : 0 3 2 1
node2702:2849181:2849235 [0] NCCL INFO Trees [0] 1/-1/-1->0->-1 [1] 1/-1/-1->0->-1 [2] 1/-1/-1->0->-1 [3] 1/-1/-1->0->-1 [4] 2/-1/-1->0->-1 [5] 2/-1/-1->0->-1 [6] 2/-1/-1->0->-1 [7] 2/-1/-1->0->-1 [8] 3/-1/-1->0->1 [9] 3/-1/-1->0->1 [10] 3/-1/-1->0->1 [11] 3/-1/-1->0->1 [12] 1/-1/-1->0->-1 [13] 1/-1/-1->0->-1 [14] 1/-1/-1->0->-1 [15] 1/-1/-1->0->-1 [16] 2/-1/-1->0->-1 [17] 2/-1/-1->0->-1 [18] 2/-1/-1->0->-1 [19] 2/-1/-1->0->-1 [20] 3/-1/-1->0->1 [21] 3/-1/-1->0->1 [22] 3/-1/-1->0->1 [23] 3/-1/-1->0->1
node2702:2849181:2849235 [0] NCCL INFO P2P Chunksize set to 524288
node2702:2849183:2849245 [2] NCCL INFO PROFILER/Plugin: Could not find: libnccl-profiler.so. 
node2702:2849183:2849259 [2] NCCL INFO [Proxy Service] Device 2 CPU core 3
node2702:2849183:2849260 [2] NCCL INFO [Proxy Service UDS] Device 2 CPU core 65
node2702:2849181:2849235 [0] NCCL INFO PROFILER/Plugin: Could not find: libnccl-profiler.so. 
node2702:2849181:2849235 [0] NCCL INFO Check P2P Type isAllDirectP2p 1 directMode 0
node2702:2849184:2849236 [3] NCCL INFO PROFILER/Plugin: Could not find: libnccl-profiler.so. 
node2702:2849182:2849251 [1] NCCL INFO PROFILER/Plugin: Could not find: libnccl-profiler.so. 
node2702:2849184:2849262 [3] NCCL INFO [Proxy Service] Device 3 CPU core 65
node2702:2849181:2849261 [0] NCCL INFO [Proxy Service] Device 0 CPU core 66
node2702:2849182:2849263 [1] NCCL INFO [Proxy Service] Device 1 CPU core 2
node2702:2849184:2849264 [3] NCCL INFO [Proxy Service UDS] Device 3 CPU core 3
node2702:2849181:2849265 [0] NCCL INFO [Proxy Service UDS] Device 0 CPU core 64
node2702:2849182:2849266 [1] NCCL INFO [Proxy Service UDS] Device 1 CPU core 64
node2702:2849183:2849245 [2] NCCL INFO threadThresholds 8/8/64 | 32/8/64 | 512 | 512
node2702:2849183:2849245 [2] NCCL INFO 24 coll channels, 24 collnet channels, 0 nvls channels, 32 p2p channels, 16 p2p channels per peer
node2702:2849182:2849251 [1] NCCL INFO threadThresholds 8/8/64 | 32/8/64 | 512 | 512
node2702:2849182:2849251 [1] NCCL INFO 24 coll channels, 24 collnet channels, 0 nvls channels, 32 p2p channels, 16 p2p channels per peer
node2702:2849184:2849236 [3] NCCL INFO threadThresholds 8/8/64 | 32/8/64 | 512 | 512
node2702:2849184:2849236 [3] NCCL INFO 24 coll channels, 24 collnet channels, 0 nvls channels, 32 p2p channels, 16 p2p channels per peer
node2702:2849181:2849235 [0] NCCL INFO threadThresholds 8/8/64 | 32/8/64 | 512 | 512
node2702:2849181:2849235 [0] NCCL INFO 24 coll channels, 24 collnet channels, 0 nvls channels, 32 p2p channels, 16 p2p channels per peer
node2702:2849181:2849235 [0] NCCL INFO CC Off, workFifoBytes 1048576
node2702:2849183:2849245 [2] NCCL INFO TUNER/Plugin: Could not find: libnccl-tuner.so. Using internal tuner plugin.
node2702:2849183:2849245 [2] NCCL INFO ncclCommInitRankConfig comm 0x5dbbf2c0 rank 2 nranks 4 cudaDev 2 nvmlDev 2 busId d2000 commId 0x68c7902d84bf54fc - Init COMPLETE
node2702:2849183:2849245 [2] NCCL INFO Init timings - ncclCommInitRankConfig: rank 2 nranks 4 total 1.80 (kernels 0.17, alloc 0.53, bootstrap 0.76, allgathers 0.01, topo 0.31, graphs 0.01, connections 0.01, rest 0.01)
node2702:2849184:2849236 [3] NCCL INFO TUNER/Plugin: Could not find: libnccl-tuner.so. Using internal tuner plugin.
node2702:2849184:2849236 [3] NCCL INFO ncclCommInitRankConfig comm 0x59651a40 rank 3 nranks 4 cudaDev 3 nvmlDev 3 busId e4000 commId 0x68c7902d84bf54fc - Init COMPLETE
node2702:2849184:2849236 [3] NCCL INFO Init timings - ncclCommInitRankConfig: rank 3 nranks 4 total 3.06 (kernels 0.17, alloc 0.56, bootstrap 1.98, allgathers 0.01, topo 0.30, graphs 0.01, connections 0.02, rest 0.01)
node2702:2849182:2849251 [1] NCCL INFO TUNER/Plugin: Could not find: libnccl-tuner.so. Using internal tuner plugin.
node2702:2849181:2849235 [0] NCCL INFO TUNER/Plugin: Could not find: libnccl-tuner.so. Using internal tuner plugin.
node2702:2849182:2849251 [1] NCCL INFO ncclCommInitRankConfig comm 0x45e58900 rank 1 nranks 4 cudaDev 1 nvmlDev 1 busId 68000 commId 0x68c7902d84bf54fc - Init COMPLETE
node2702:2849181:2849235 [0] NCCL INFO ncclCommInitRankConfig comm 0x5cb41940 rank 0 nranks 4 cudaDev 0 nvmlDev 0 busId 55000 commId 0x68c7902d84bf54fc - Init COMPLETE
node2702:2849182:2849251 [1] NCCL INFO Init timings - ncclCommInitRankConfig: rank 1 nranks 4 total 1.10 (kernels 0.22, alloc 0.53, bootstrap 0.00, allgathers 0.00, topo 0.30, graphs 0.01, connections 0.01, rest 0.01)
node2702:2849181:2849235 [0] NCCL INFO Init timings - ncclCommInitRankConfig: rank 0 nranks 4 total 3.06 (kernels 0.65, alloc 0.55, bootstrap 1.52, allgathers 0.00, topo 0.30, graphs 0.01, connections 0.02, rest 0.01)
node2702:2849181:2849267 [0] NCCL INFO Channel 00/0 : 0[0] -> 1[1] via P2P/CUMEM
node2702:2849181:2849267 [0] NCCL INFO Channel 01/0 : 0[0] -> 1[1] via P2P/CUMEM
node2702:2849181:2849267 [0] NCCL INFO Channel 06/0 : 0[0] -> 1[1] via P2P/CUMEM
node2702:2849181:2849267 [0] NCCL INFO Channel 07/0 : 0[0] -> 1[1] via P2P/CUMEM
node2702:2849181:2849267 [0] NCCL INFO Channel 12/0 : 0[0] -> 1[1] via P2P/CUMEM
node2702:2849181:2849267 [0] NCCL INFO Channel 13/0 : 0[0] -> 1[1] via P2P/CUMEM
node2702:2849181:2849267 [0] NCCL INFO Channel 18/0 : 0[0] -> 1[1] via P2P/CUMEM
node2702:2849181:2849267 [0] NCCL INFO Channel 19/0 : 0[0] -> 1[1] via P2P/CUMEM
node2702:2849183:2849269 [2] NCCL INFO Channel 00/0 : 2[2] -> 3[3] via P2P/CUMEM
node2702:2849183:2849269 [2] NCCL INFO Channel 02/0 : 2[2] -> 3[3] via P2P/CUMEM
node2702:2849183:2849269 [2] NCCL INFO Channel 06/0 : 2[2] -> 3[3] via P2P/CUMEM
node2702:2849183:2849269 [2] NCCL INFO Channel 08/0 : 2[2] -> 3[3] via P2P/CUMEM
node2702:2849183:2849269 [2] NCCL INFO Channel 12/0 : 2[2] -> 3[3] via P2P/CUMEM
node2702:2849183:2849269 [2] NCCL INFO Channel 14/0 : 2[2] -> 3[3] via P2P/CUMEM
node2702:2849183:2849269 [2] NCCL INFO Channel 18/0 : 2[2] -> 3[3] via P2P/CUMEM
node2702:2849183:2849269 [2] NCCL INFO Channel 20/0 : 2[2] -> 3[3] via P2P/CUMEM
node2702:2849182:2849270 [1] NCCL INFO Channel 00/0 : 1[1] -> 2[2] via P2P/CUMEM
node2702:2849182:2849270 [1] NCCL INFO Channel 04/0 : 1[1] -> 2[2] via P2P/CUMEM
node2702:2849182:2849270 [1] NCCL INFO Channel 06/0 : 1[1] -> 2[2] via P2P/CUMEM
node2702:2849182:2849270 [1] NCCL INFO Channel 10/0 : 1[1] -> 2[2] via P2P/CUMEM
node2702:2849182:2849270 [1] NCCL INFO Channel 12/0 : 1[1] -> 2[2] via P2P/CUMEM
node2702:2849182:2849270 [1] NCCL INFO Channel 16/0 : 1[1] -> 2[2] via P2P/CUMEM
node2702:2849182:2849270 [1] NCCL INFO Channel 18/0 : 1[1] -> 2[2] via P2P/CUMEM
node2702:2849182:2849270 [1] NCCL INFO Channel 22/0 : 1[1] -> 2[2] via P2P/CUMEM
node2702:2849182:2849270 [1] NCCL INFO Channel 01/0 : 1[1] -> 3[3] via P2P/CUMEM
node2702:2849182:2849270 [1] NCCL INFO Channel 03/0 : 1[1] -> 3[3] via P2P/CUMEM
node2702:2849182:2849270 [1] NCCL INFO Channel 07/0 : 1[1] -> 3[3] via P2P/CUMEM
node2702:2849182:2849270 [1] NCCL INFO Channel 09/0 : 1[1] -> 3[3] via P2P/CUMEM
node2702:2849182:2849270 [1] NCCL INFO Channel 13/0 : 1[1] -> 3[3] via P2P/CUMEM
node2702:2849182:2849270 [1] NCCL INFO Channel 15/0 : 1[1] -> 3[3] via P2P/CUMEM
node2702:2849182:2849270 [1] NCCL INFO Channel 19/0 : 1[1] -> 3[3] via P2P/CUMEM
node2702:2849182:2849270 [1] NCCL INFO Channel 21/0 : 1[1] -> 3[3] via P2P/CUMEM
node2702:2849184:2849268 [3] NCCL INFO Channel 00/0 : 3[3] -> 0[0] via P2P/CUMEM
node2702:2849184:2849268 [3] NCCL INFO Channel 03/0 : 3[3] -> 0[0] via P2P/CUMEM
node2702:2849184:2849268 [3] NCCL INFO Channel 06/0 : 3[3] -> 0[0] via P2P/CUMEM
node2702:2849184:2849268 [3] NCCL INFO Channel 09/0 : 3[3] -> 0[0] via P2P/CUMEM
node2702:2849184:2849268 [3] NCCL INFO Channel 12/0 : 3[3] -> 0[0] via P2P/CUMEM
node2702:2849184:2849268 [3] NCCL INFO Channel 15/0 : 3[3] -> 0[0] via P2P/CUMEM
node2702:2849184:2849268 [3] NCCL INFO Channel 18/0 : 3[3] -> 0[0] via P2P/CUMEM
node2702:2849184:2849268 [3] NCCL INFO Channel 21/0 : 3[3] -> 0[0] via P2P/CUMEM
node2702:2849183:2849269 [2] NCCL INFO Channel 01/0 : 2[2] -> 0[0] via P2P/CUMEM
node2702:2849184:2849268 [3] NCCL INFO Channel 02/0 : 3[3] -> 1[1] via P2P/CUMEM
node2702:2849181:2849267 [0] NCCL INFO Channel 02/0 : 0[0] -> 2[2] via P2P/CUMEM
node2702:2849183:2849269 [2] NCCL INFO Channel 04/0 : 2[2] -> 0[0] via P2P/CUMEM
node2702:2849184:2849268 [3] NCCL INFO Channel 04/0 : 3[3] -> 1[1] via P2P/CUMEM
node2702:2849181:2849267 [0] NCCL INFO Channel 03/0 : 0[0] -> 2[2] via P2P/CUMEM
node2702:2849183:2849269 [2] NCCL INFO Channel 07/0 : 2[2] -> 0[0] via P2P/CUMEM
node2702:2849184:2849268 [3] NCCL INFO Channel 08/0 : 3[3] -> 1[1] via P2P/CUMEM
node2702:2849181:2849267 [0] NCCL INFO Channel 08/0 : 0[0] -> 2[2] via P2P/CUMEM
node2702:2849183:2849269 [2] NCCL INFO Channel 10/0 : 2[2] -> 0[0] via P2P/CUMEM
node2702:2849184:2849268 [3] NCCL INFO Channel 10/0 : 3[3] -> 1[1] via P2P/CUMEM
node2702:2849181:2849267 [0] NCCL INFO Channel 09/0 : 0[0] -> 2[2] via P2P/CUMEM
node2702:2849183:2849269 [2] NCCL INFO Channel 13/0 : 2[2] -> 0[0] via P2P/CUMEM
node2702:2849184:2849268 [3] NCCL INFO Channel 14/0 : 3[3] -> 1[1] via P2P/CUMEM
node2702:2849181:2849267 [0] NCCL INFO Channel 14/0 : 0[0] -> 2[2] via P2P/CUMEM
node2702:2849183:2849269 [2] NCCL INFO Channel 16/0 : 2[2] -> 0[0] via P2P/CUMEM
node2702:2849184:2849268 [3] NCCL INFO Channel 16/0 : 3[3] -> 1[1] via P2P/CUMEM
node2702:2849181:2849267 [0] NCCL INFO Channel 15/0 : 0[0] -> 2[2] via P2P/CUMEM
node2702:2849183:2849269 [2] NCCL INFO Channel 19/0 : 2[2] -> 0[0] via P2P/CUMEM
node2702:2849184:2849268 [3] NCCL INFO Channel 20/0 : 3[3] -> 1[1] via P2P/CUMEM
node2702:2849181:2849267 [0] NCCL INFO Channel 20/0 : 0[0] -> 2[2] via P2P/CUMEM
node2702:2849183:2849269 [2] NCCL INFO Channel 22/0 : 2[2] -> 0[0] via P2P/CUMEM
node2702:2849184:2849268 [3] NCCL INFO Channel 22/0 : 3[3] -> 1[1] via P2P/CUMEM
node2702:2849181:2849267 [0] NCCL INFO Channel 21/0 : 0[0] -> 2[2] via P2P/CUMEM
node2702:2849184:2849268 [3] NCCL INFO Channel 01/0 : 3[3] -> 2[2] via P2P/CUMEM
node2702:2849181:2849267 [0] NCCL INFO Channel 04/0 : 0[0] -> 3[3] via P2P/CUMEM
node2702:2849184:2849268 [3] NCCL INFO Channel 05/0 : 3[3] -> 2[2] via P2P/CUMEM
node2702:2849182:2849270 [1] NCCL INFO Channel 02/0 : 1[1] -> 0[0] via P2P/CUMEM
node2702:2849181:2849267 [0] NCCL INFO Channel 05/0 : 0[0] -> 3[3] via P2P/CUMEM
node2702:2849184:2849268 [3] NCCL INFO Channel 07/0 : 3[3] -> 2[2] via P2P/CUMEM
node2702:2849182:2849270 [1] NCCL INFO Channel 05/0 : 1[1] -> 0[0] via P2P/CUMEM
node2702:2849181:2849267 [0] NCCL INFO Channel 10/0 : 0[0] -> 3[3] via P2P/CUMEM
node2702:2849184:2849268 [3] NCCL INFO Channel 11/0 : 3[3] -> 2[2] via P2P/CUMEM
node2702:2849182:2849270 [1] NCCL INFO Channel 08/0 : 1[1] -> 0[0] via P2P/CUMEM
node2702:2849184:2849268 [3] NCCL INFO Channel 13/0 : 3[3] -> 2[2] via P2P/CUMEM
node2702:2849181:2849267 [0] NCCL INFO Channel 11/0 : 0[0] -> 3[3] via P2P/CUMEM
node2702:2849182:2849270 [1] NCCL INFO Channel 11/0 : 1[1] -> 0[0] via P2P/CUMEM
node2702:2849184:2849268 [3] NCCL INFO Channel 17/0 : 3[3] -> 2[2] via P2P/CUMEM
node2702:2849181:2849267 [0] NCCL INFO Channel 16/0 : 0[0] -> 3[3] via P2P/CUMEM
node2702:2849182:2849270 [1] NCCL INFO Channel 14/0 : 1[1] -> 0[0] via P2P/CUMEM
node2702:2849184:2849268 [3] NCCL INFO Channel 19/0 : 3[3] -> 2[2] via P2P/CUMEM
node2702:2849181:2849267 [0] NCCL INFO Channel 17/0 : 0[0] -> 3[3] via P2P/CUMEM
node2702:2849182:2849270 [1] NCCL INFO Channel 17/0 : 1[1] -> 0[0] via P2P/CUMEM
node2702:2849184:2849268 [3] NCCL INFO Channel 23/0 : 3[3] -> 2[2] via P2P/CUMEM
node2702:2849181:2849267 [0] NCCL INFO Channel 22/0 : 0[0] -> 3[3] via P2P/CUMEM
node2702:2849182:2849270 [1] NCCL INFO Channel 20/0 : 1[1] -> 0[0] via P2P/CUMEM
node2702:2849181:2849267 [0] NCCL INFO Channel 23/0 : 0[0] -> 3[3] via P2P/CUMEM
node2702:2849182:2849270 [1] NCCL INFO Channel 23/0 : 1[1] -> 0[0] via P2P/CUMEM
node2702:2849183:2849269 [2] NCCL INFO Channel 03/0 : 2[2] -> 1[1] via P2P/CUMEM
node2702:2849183:2849269 [2] NCCL INFO Channel 05/0 : 2[2] -> 1[1] via P2P/CUMEM
node2702:2849183:2849269 [2] NCCL INFO Channel 09/0 : 2[2] -> 1[1] via P2P/CUMEM
node2702:2849183:2849269 [2] NCCL INFO Channel 11/0 : 2[2] -> 1[1] via P2P/CUMEM
node2702:2849183:2849269 [2] NCCL INFO Channel 15/0 : 2[2] -> 1[1] via P2P/CUMEM
node2702:2849183:2849269 [2] NCCL INFO Channel 17/0 : 2[2] -> 1[1] via P2P/CUMEM
node2702:2849183:2849269 [2] NCCL INFO Channel 21/0 : 2[2] -> 1[1] via P2P/CUMEM
node2702:2849183:2849269 [2] NCCL INFO Channel 23/0 : 2[2] -> 1[1] via P2P/CUMEM
node2702:2849181:2849267 [0] NCCL INFO Connected all rings, use ring PXN 0 GDR 1
node2702:2849183:2849269 [2] NCCL INFO Connected all rings, use ring PXN 0 GDR 1
node2702:2849182:2849270 [1] NCCL INFO Connected all rings, use ring PXN 0 GDR 1
node2702:2849184:2849268 [3] NCCL INFO Connected all rings, use ring PXN 0 GDR 1
Process 2 starting iteration 1/1000
Process 1 starting iteration 1/1000
Process 3 starting iteration 1/1000
Process 0 starting iteration 1/1000
Local seeds: [(0, 1067342868), (4, 691235474), (8, 517095526), (12, 84445180), (16, 775030305), (20, 923533178), (24, 341697174), (28, 702807654)]
Local seeds: [(1, 814680455), (5, 733113545), (9, 3967037), (13, 431480746), (17, 114983757), (21, 951221991), (25, 916223824), (29, 1055558902)]
Local seeds: [(2, 858887896), (6, 44236857), (10, 794740435), (14, 872960813), (18, 1016138271), (22, 615892876), (26, 435541584), (30, 1001443856)]
Local seeds: [(3, 727056962), (7, 472197315), (11, 485143950), (15, 557541155), (19, 289430700), (23, 914700683), (27, 460212074), (31, 919777364)]
Process 1 Thread 0 processing seed 1 (value: 814680455)Process 0 Thread 0 processing seed 0 (value: 1067342868)Process 2 Thread 0 processing seed 2 (value: 858887896)
Process 3 Thread 0 processing seed 3 (value: 727056962)Process 1 Thread 1 processing seed 5 (value: 733113545)
Process 2 Thread 1 processing seed 6 (value: 44236857)


Process 3 Thread 1 processing seed 7 (value: 472197315)
Process 2 Thread 2 processing seed 10 (value: 794740435)
Process 2 Thread 3 processing seed 14 (value: 872960813)
Process 3 Thread 2 processing seed 11 (value: 485143950)
Process 3 Thread 3 processing seed 15 (value: 557541155)
Process 0 Thread 1 processing seed 4 (value: 691235474)

Process 0 Thread 2 processing seed 8 (value: 517095526)
Process 1 Thread 2 processing seed 9 (value: 3967037)Process 0 Thread 3 processing seed 12 (value: 84445180)

Process 1 Thread 3 processing seed 13 (value: 431480746)
